###############################################################################
#
# IAR ELF Linker V8.22.2.15995/W32 for ARM                09/Sep/2018  18:45:58
# Copyright 2007-2018 IAR Systems AB.
#
#    Output file  =  
#        E:\cortex-m3\gnustm32\iarproj\Release\Exe\projworkspace.out
#    Map file     =  
#        E:\cortex-m3\gnustm32\iarproj\Release\List\projworkspace.map
#    Command line =  
#        -f C:\Users\Blithe\AppData\Local\Temp\EW99E9.tmp
#        (E:\cortex-m3\gnustm32\iarproj\Release\Obj\bmp085.o
#        E:\cortex-m3\gnustm32\iarproj\Release\Obj\croutine.o
#        E:\cortex-m3\gnustm32\iarproj\Release\Obj\data_builder.o
#        E:\cortex-m3\gnustm32\iarproj\Release\Obj\datapack.o
#        E:\cortex-m3\gnustm32\iarproj\Release\Obj\eMPL_outputs.o
#        E:\cortex-m3\gnustm32\iarproj\Release\Obj\event_groups.o
#        E:\cortex-m3\gnustm32\iarproj\Release\Obj\hal_outputs.o
#        E:\cortex-m3\gnustm32\iarproj\Release\Obj\heap_4.o
#        E:\cortex-m3\gnustm32\iarproj\Release\Obj\i2c.o
#        E:\cortex-m3\gnustm32\iarproj\Release\Obj\inv_mpu.o
#        E:\cortex-m3\gnustm32\iarproj\Release\Obj\inv_mpu_dmp_motion_driver.o
#        E:\cortex-m3\gnustm32\iarproj\Release\Obj\led.o
#        E:\cortex-m3\gnustm32\iarproj\Release\Obj\list.o
#        E:\cortex-m3\gnustm32\iarproj\Release\Obj\main.o
#        E:\cortex-m3\gnustm32\iarproj\Release\Obj\message_layer.o
#        E:\cortex-m3\gnustm32\iarproj\Release\Obj\misc.o
#        E:\cortex-m3\gnustm32\iarproj\Release\Obj\ml_math_func.o
#        E:\cortex-m3\gnustm32\iarproj\Release\Obj\mlmath.o
#        E:\cortex-m3\gnustm32\iarproj\Release\Obj\mpl.o
#        E:\cortex-m3\gnustm32\iarproj\Release\Obj\port.o
#        E:\cortex-m3\gnustm32\iarproj\Release\Obj\portasm.o
#        E:\cortex-m3\gnustm32\iarproj\Release\Obj\queue.o
#        E:\cortex-m3\gnustm32\iarproj\Release\Obj\results_holder.o
#        E:\cortex-m3\gnustm32\iarproj\Release\Obj\serial.o
#        E:\cortex-m3\gnustm32\iarproj\Release\Obj\servo.o
#        E:\cortex-m3\gnustm32\iarproj\Release\Obj\start_manager.o
#        E:\cortex-m3\gnustm32\iarproj\Release\Obj\startup_stm32f10x_md.o
#        E:\cortex-m3\gnustm32\iarproj\Release\Obj\stm32f10x_adc.o
#        E:\cortex-m3\gnustm32\iarproj\Release\Obj\stm32f10x_bkp.o
#        E:\cortex-m3\gnustm32\iarproj\Release\Obj\stm32f10x_can.o
#        E:\cortex-m3\gnustm32\iarproj\Release\Obj\stm32f10x_cec.o
#        E:\cortex-m3\gnustm32\iarproj\Release\Obj\stm32f10x_crc.o
#        E:\cortex-m3\gnustm32\iarproj\Release\Obj\stm32f10x_dac.o
#        E:\cortex-m3\gnustm32\iarproj\Release\Obj\stm32f10x_dbgmcu.o
#        E:\cortex-m3\gnustm32\iarproj\Release\Obj\stm32f10x_dma.o
#        E:\cortex-m3\gnustm32\iarproj\Release\Obj\stm32f10x_exti.o
#        E:\cortex-m3\gnustm32\iarproj\Release\Obj\stm32f10x_flash.o
#        E:\cortex-m3\gnustm32\iarproj\Release\Obj\stm32f10x_fsmc.o
#        E:\cortex-m3\gnustm32\iarproj\Release\Obj\stm32f10x_gpio.o
#        E:\cortex-m3\gnustm32\iarproj\Release\Obj\stm32f10x_i2c.o
#        E:\cortex-m3\gnustm32\iarproj\Release\Obj\stm32f10x_it.o
#        E:\cortex-m3\gnustm32\iarproj\Release\Obj\stm32f10x_iwdg.o
#        E:\cortex-m3\gnustm32\iarproj\Release\Obj\stm32f10x_pwr.o
#        E:\cortex-m3\gnustm32\iarproj\Release\Obj\stm32f10x_rcc.o
#        E:\cortex-m3\gnustm32\iarproj\Release\Obj\stm32f10x_rtc.o
#        E:\cortex-m3\gnustm32\iarproj\Release\Obj\stm32f10x_sdio.o
#        E:\cortex-m3\gnustm32\iarproj\Release\Obj\stm32f10x_spi.o
#        E:\cortex-m3\gnustm32\iarproj\Release\Obj\stm32f10x_tim.o
#        E:\cortex-m3\gnustm32\iarproj\Release\Obj\stm32f10x_usart.o
#        E:\cortex-m3\gnustm32\iarproj\Release\Obj\stm32f10x_wwdg.o
#        E:\cortex-m3\gnustm32\iarproj\Release\Obj\storage_manager.o
#        E:\cortex-m3\gnustm32\iarproj\Release\Obj\stream_buffer.o
#        E:\cortex-m3\gnustm32\iarproj\Release\Obj\system_stm32f10x.o
#        E:\cortex-m3\gnustm32\iarproj\Release\Obj\tasks.o
#        E:\cortex-m3\gnustm32\iarproj\Release\Obj\timers.o -o
#        E:\cortex-m3\gnustm32\iarproj\Release\Exe\projworkspace.out --map
#        E:\cortex-m3\gnustm32\iarproj\Release\List\projworkspace.map --config
#        E:\cortex-m3\gnustm32\iarproj\stm32f10x_flash.icf
#        E:\cortex-m3\gnustm32\iarproj\..\userlib\motion_driver\mpl\libmpllib.a
#        --entry __iar_program_start --inline --vfe --text_out locale)
#
###############################################################################

*******************************************************************************
*** RUNTIME MODEL ATTRIBUTES
***

CppFlavor       = *
__SystemLibrary = DLib
__dlib_version  = 6


*******************************************************************************
*** HEAP SELECTION
***

The basic heap was selected because no calls to memory allocation
functions were found in the application outside of system library
functions, and there are calls to deallocation functions in the
application.


*******************************************************************************
*** PLACEMENT SUMMARY
***

"A0":  place at 0x08000000 { ro section .intvec };
"P1":  place in [from 0x08000000 to 0x0800ffff] { ro };
define block CSTACK with size = 1K, alignment = 8 { };
define block HEAP with size = 512, alignment = 8 { };
"P2":  place in [from 0x20000000 to 0x20004fff] {
          rw, block CSTACK, block HEAP };
initialize by copy { rw };

  Section            Kind        Address    Size  Object
  -------            ----        -------    ----  ------
"A0":                                       0xec
  .intvec            ro code  0x08000000    0xec  startup_stm32f10x_md.o [1]
                            - 0x080000ec    0xec

"P1":                                     0x2e5c
  .text              ro code  0x080000ec   0x9ec  inv_mpu.o [1]
  .text              ro code  0x08000ad8   0x7b4  tasks.o [1]
  .text              ro code  0x0800128c     0x6  ABImemclr.o [5]
  .text              ro code  0x08001294   0x3ac  i2c.o [1]
  .text              ro code  0x08001640   0x15c  heap_4.o [1]
  .text              ro code  0x0800179c    0x92  list.o [1]
  .text              ro code  0x08001830    0xd0  port.o [1]
  .text              ro code  0x08001900    0x5e  ABImemset.o [5]
  .text              ro code  0x08001960    0xdc  stm32f10x_rcc.o [1]
  .text              ro code  0x08001a3c   0x1f0  stm32f10x_i2c.o [1]
  .text              ro code  0x08001c2c    0xbc  stm32f10x_gpio.o [1]
  .text              ro code  0x08001ce8    0x78  misc.o [1]
  .text              ro code  0x08001d60    0xa0  stm32f10x_dma.o [1]
  .text              ro code  0x08001e00   0x250  queue.o [1]
  CODE               ro code  0x08002050    0x88  portasm.o [1]
  .text              ro code  0x080020d8   0x28c  serial.o [1]
  .text              ro code  0x08002364   0x162  stm32f10x_usart.o [1]
  .text              ro code  0x080024c6   0x1a8  stream_buffer.o [1]
  .text              ro code  0x08002670    0xa6  ABImemcpy.o [5]
  .text              ro code  0x08002718   0x234  main.o [1]
  .text              ro code  0x0800294c    0x80  led.o [1]
  .text              ro code  0x080029cc    0xac  servo.o [1]
  .text              ro code  0x08002a78   0x160  stm32f10x_tim.o [1]
  .text              ro code  0x08002bd8    0xec  system_stm32f10x.o [1]
  .rodata            const    0x08002cc4    0x6c  inv_mpu.o [1]
  .text              ro code  0x08002d30    0x40  zero_init3.o [5]
  .text              ro code  0x08002d70    0x38  packbits_init_single.o [5]
  .text              ro code  0x08002da8    0x28  data_init.o [5]
  .iar.init_table    const    0x08002dd0    0x20  - Linker created -
  .text              ro code  0x08002df0    0x1e  cmain.o [5]
  .text              ro code  0x08002e0e     0x4  exit.o [3]
  .text              ro code  0x08002e14     0xa  cexit.o [5]
  .text              ro code  0x08002e20     0xc  XXexit.o [5]
  .text              ro code  0x08002e2c    0x10  startup_stm32f10x_md.o [1]
  .text              ro code  0x08002e3c     0xc  stm32f10x_it.o [1]
  .text              ro code  0x08002e48     0xc  cstartup_M.o [5]
  .text              ro code  0x08002e54     0x4  startup_stm32f10x_md.o [1]
  .text              ro code  0x08002e58     0x4  startup_stm32f10x_md.o [1]
  .text              ro code  0x08002e5c     0x4  startup_stm32f10x_md.o [1]
  .text              ro code  0x08002e60     0x4  startup_stm32f10x_md.o [1]
  .text              ro code  0x08002e64     0x4  startup_stm32f10x_md.o [1]
  .text              ro code  0x08002e68     0x4  startup_stm32f10x_md.o [1]
  .text              ro code  0x08002e6c     0x4  startup_stm32f10x_md.o [1]
  .text              ro code  0x08002e70     0x4  startup_stm32f10x_md.o [1]
  .text              ro code  0x08002e74     0x4  startup_stm32f10x_md.o [1]
  .text              ro code  0x08002e78     0x4  startup_stm32f10x_md.o [1]
  .text              ro code  0x08002e7c     0x4  startup_stm32f10x_md.o [1]
  .text              ro code  0x08002e80     0x4  startup_stm32f10x_md.o [1]
  .text              ro code  0x08002e84     0x4  startup_stm32f10x_md.o [1]
  .text              ro code  0x08002e88     0x4  startup_stm32f10x_md.o [1]
  .text              ro code  0x08002e8c     0x4  startup_stm32f10x_md.o [1]
  .text              ro code  0x08002e90     0x4  startup_stm32f10x_md.o [1]
  .text              ro code  0x08002e94     0x4  startup_stm32f10x_md.o [1]
  .text              ro code  0x08002e98     0x4  startup_stm32f10x_md.o [1]
  .text              ro code  0x08002e9c     0x4  startup_stm32f10x_md.o [1]
  .text              ro code  0x08002ea0     0x4  startup_stm32f10x_md.o [1]
  .text              ro code  0x08002ea4     0x4  startup_stm32f10x_md.o [1]
  .text              ro code  0x08002ea8     0x4  startup_stm32f10x_md.o [1]
  .text              ro code  0x08002eac     0x4  startup_stm32f10x_md.o [1]
  .text              ro code  0x08002eb0     0x4  startup_stm32f10x_md.o [1]
  .text              ro code  0x08002eb4     0x4  startup_stm32f10x_md.o [1]
  .text              ro code  0x08002eb8     0x4  startup_stm32f10x_md.o [1]
  .text              ro code  0x08002ebc     0x4  startup_stm32f10x_md.o [1]
  .text              ro code  0x08002ec0     0x4  startup_stm32f10x_md.o [1]
  .text              ro code  0x08002ec4     0x4  startup_stm32f10x_md.o [1]
  .text              ro code  0x08002ec8     0x4  startup_stm32f10x_md.o [1]
  .text              ro code  0x08002ecc     0x4  startup_stm32f10x_md.o [1]
  .text              ro code  0x08002ed0     0x4  startup_stm32f10x_md.o [1]
  .text              ro code  0x08002ed4     0x4  startup_stm32f10x_md.o [1]
  .text              ro code  0x08002ed8     0x4  startup_stm32f10x_md.o [1]
  .text              ro code  0x08002edc     0x4  startup_stm32f10x_md.o [1]
  .text              ro code  0x08002ee0     0x4  startup_stm32f10x_md.o [1]
  .text              ro code  0x08002ee4     0x4  startup_stm32f10x_md.o [1]
  .text              ro code  0x08002ee8     0x4  startup_stm32f10x_md.o [1]
  .text              ro code  0x08002eec     0x4  startup_stm32f10x_md.o [1]
  .text              ro code  0x08002ef0     0x4  startup_stm32f10x_md.o [1]
  .text              ro code  0x08002ef4     0x4  startup_stm32f10x_md.o [1]
  .text              ro code  0x08002ef8     0x4  startup_stm32f10x_md.o [1]
  .text              ro code  0x08002efc     0x4  startup_stm32f10x_md.o [1]
  .text              ro code  0x08002f00     0x4  startup_stm32f10x_md.o [1]
  .text              ro code  0x08002f04     0x4  startup_stm32f10x_md.o [1]
  .text              ro code  0x08002f08     0x4  startup_stm32f10x_md.o [1]
  .text              ro code  0x08002f0c     0x4  startup_stm32f10x_md.o [1]
  .text              ro code  0x08002f10     0x4  startup_stm32f10x_md.o [1]
  .text              ro code  0x08002f14     0x4  startup_stm32f10x_md.o [1]
  .text              ro code  0x08002f18     0x4  startup_stm32f10x_md.o [1]
  .text              ro code  0x08002f1c     0x4  startup_stm32f10x_md.o [1]
  .text              ro code  0x08002f20     0x4  startup_stm32f10x_md.o [1]
  .rodata            const    0x08002f24     0x0  zero_init3.o [5]
  .rodata            const    0x08002f24     0x0  packbits_init_single.o [5]
  Initializer bytes  const    0x08002f24    0x24  <for P2-1>
                            - 0x08002f48  0x2e5c

"P2", part 1 of 3:                          0x50
  P2-1                        0x20000000    0x50  <Init block>
    .data            inited   0x20000000    0x38  inv_mpu.o [1]
    .data            inited   0x20000038     0x4  port.o [1]
    .data            inited   0x2000003c    0x14  stm32f10x_rcc.o [1]
                            - 0x20000050    0x50

"P2", part 2 of 3:                        0x4a30
  .bss               zero     0x20000050  0x4818  heap_4.o [1]
  .bss               zero     0x20004868   0x12c  tasks.o [1]
  .bss               zero     0x20004994    0xa0  tasks.o [1]
  .bss               zero     0x20004a34    0x28  main.o [1]
  .bss               zero     0x20004a5c    0x20  serial.o [1]
  .bss               zero     0x20004a7c     0x4  i2c.o [1]
                            - 0x20004a80  0x4a30

"P2", part 3 of 3:                         0x400
  CSTACK                      0x20004a80   0x400  <Block>
    CSTACK           uninit   0x20004a80   0x400  <Block tail>
                            - 0x20004e80   0x400


*******************************************************************************
*** INIT TABLE
***

          Address     Size
          -------     ----
Zero (__iar_zero_init3)
    1 destination range, total size 0x4a30:
          0x20000050  0x4a30

Copy/packbits (__iar_packbits_init_single3)
    1 source range, total size 0x24 (45% of destination):
          0x08002f24    0x24
    1 destination range, total size 0x50:
          0x20000000    0x50



*******************************************************************************
*** MODULE SUMMARY
***

    Module                  ro code  ro data  rw data
    ------                  -------  -------  -------
E:\cortex-m3\gnustm32\iarproj\Release\Obj: [1]
    heap_4.o                    348            18 456
    i2c.o                       940                 4
    inv_mpu.o                 2 540      133       56
    led.o                       128
    list.o                      146
    main.o                      564                40
    misc.o                      120
    port.o                      208        2        4
    portasm.o                   136
    queue.o                     592
    serial.o                    652                32
    servo.o                     172
    startup_stm32f10x_md.o      460
    stm32f10x_dma.o             160
    stm32f10x_gpio.o            188
    stm32f10x_i2c.o             496
    stm32f10x_it.o               12
    stm32f10x_rcc.o             220        9       20
    stm32f10x_tim.o             352
    stm32f10x_usart.o           354
    stream_buffer.o             424
    system_stm32f10x.o          236
    tasks.o                   1 972               460
    -------------------------------------------------
    Total:                   11 420      144   19 072

command line: [2]
    -------------------------------------------------
    Total:

dl7M_tln.a: [3]
    exit.o                        4
    -------------------------------------------------
    Total:                        4

m7M_tl.a: [4]
    -------------------------------------------------
    Total:

rt7M_tl.a: [5]
    ABImemclr.o                   6
    ABImemcpy.o                 166
    ABImemset.o                  94
    XXexit.o                     12
    cexit.o                      10
    cmain.o                      30
    cstartup_M.o                 12
    data_init.o                  40
    packbits_init_single.o       56
    zero_init3.o                 64
    -------------------------------------------------
    Total:                      490

    Gaps                         14
    Linker created                        32    1 024
-----------------------------------------------------
    Grand Total:             11 928      176   20 096


*******************************************************************************
*** ENTRY LIST
***

Entry                      Address    Size  Type      Object
-----                      -------    ----  ----      ------
.iar.init_table$$Base   0x08002dd0           --   Gb  - Linker created -
.iar.init_table$$Limit  0x08002df0           --   Gb  - Linker created -
?main                   0x08002df1          Code  Gb  cmain.o [5]
ADCPrescTable           0x2000004c     0x4  Data  Lc  stm32f10x_rcc.o [1]
APBAHBPrescTable        0x2000003c    0x10  Data  Lc  stm32f10x_rcc.o [1]
B3                      0x20004a4c     0x4  Data  Gb  main.o [1]
B4                      0x20004a54     0x4  Data  Gb  main.o [1]
B5                      0x20004a38     0x4  Data  Gb  main.o [1]
B6                      0x20004a3c     0x4  Data  Gb  main.o [1]
B7                      0x20004a50     0x4  Data  Gb  main.o [1]
BusFault_Handler        0x08002e43     0x2  Code  Gb  stm32f10x_it.o [1]
CSTACK$$Base            0x20004a80           --   Gb  - Linker created -
CSTACK$$Limit           0x20004e80           --   Gb  - Linker created -
DMA1_Channel5_IRQHandler
                        0x080022a1    0x16  Code  Gb  serial.o [1]
DMA1_Channel7_IRQHandler
                        0x080015b9    0x52  Code  Gb  i2c.o [1]
DMA_ClearFlag           0x08001dd7     0xc  Code  Gb  stm32f10x_dma.o [1]
DMA_ClearITPendingBit   0x08001de3     0xc  Code  Gb  stm32f10x_dma.o [1]
DMA_Cmd                 0x08001d97    0x18  Code  Gb  stm32f10x_dma.o [1]
DMA_GetFlagStatus       0x08001dbf    0x18  Code  Gb  stm32f10x_dma.o [1]
DMA_ITConfig            0x08001daf    0x10  Code  Gb  stm32f10x_dma.o [1]
DMA_Init                0x08001d61    0x36  Code  Gb  stm32f10x_dma.o [1]
DebugMon_Handler        0x08002e47     0x2  Code  Gb  stm32f10x_it.o [1]
GPIO_Init               0x08001c2d    0xbc  Code  Gb  stm32f10x_gpio.o [1]
HardFault_Handler       0x08002e3f     0x2  Code  Gb  stm32f10x_it.o [1]
I2C1_ER_IRQHandler      0x080015a3    0x10  Code  Gb  i2c.o [1]
I2C1_EV_IRQHandler      0x08001591    0x12  Code  Gb  i2c.o [1]
I2C_AcknowledgeConfig   0x08001b95    0x14  Code  Gb  stm32f10x_i2c.o [1]
I2C_CheckEvent          0x08001bd5    0x1a  Code  Gb  stm32f10x_i2c.o [1]
I2C_ClearITPendingBit   0x08001c25     0x2  Code  Gb  stm32f10x_i2c.o [1]
I2C_Cmd                 0x08001b2d    0x14  Code  Gb  stm32f10x_i2c.o [1]
I2C_DMACmd              0x08001b41    0x14  Code  Gb  stm32f10x_i2c.o [1]
I2C_DMALastTransferCmd  0x08001b55    0x12  Code  Gb  stm32f10x_i2c.o [1]
I2C_DeInit              0x08001a3d    0x32  Code  Gb  stm32f10x_i2c.o [1]
I2C_GenerateSTART       0x08001b6d    0x14  Code  Gb  stm32f10x_i2c.o [1]
I2C_GenerateSTOP        0x08001b81    0x14  Code  Gb  stm32f10x_i2c.o [1]
I2C_GetFlagStatus       0x08001bef    0x36  Code  Gb  stm32f10x_i2c.o [1]
I2C_ITConfig            0x08001ba9    0x10  Code  Gb  stm32f10x_i2c.o [1]
I2C_Init                0x08001a6f    0xb0  Code  Gb  stm32f10x_i2c.o [1]
I2C_Send7bitAddress     0x08001bb9    0x10  Code  Gb  stm32f10x_i2c.o [1]
MemManage_Handler       0x08002e41     0x2  Code  Gb  stm32f10x_it.o [1]
NMI_Handler             0x08002e3d     0x2  Code  Gb  stm32f10x_it.o [1]
NVIC_Init               0x08001cf3    0x5a  Code  Gb  misc.o [1]
NVIC_PriorityGroupConfig
                        0x08001ce9     0xa  Code  Gb  misc.o [1]
PendSV_Handler          0x08002051          Code  Gb  portasm.o [1]
RCC_AHBPeriphClockCmd   0x080019d5    0x12  Code  Gb  stm32f10x_rcc.o [1]
RCC_APB1PeriphClockCmd  0x080019f9    0x12  Code  Gb  stm32f10x_rcc.o [1]
RCC_APB1PeriphResetCmd  0x08001a0b    0x12  Code  Gb  stm32f10x_rcc.o [1]
RCC_APB2PeriphClockCmd  0x080019e7    0x12  Code  Gb  stm32f10x_rcc.o [1]
RCC_GetClocksFreq       0x08001961    0x74  Code  Gb  stm32f10x_rcc.o [1]
Region$$Table$$Base     0x08002dd0           --   Gb  - Linker created -
Region$$Table$$Limit    0x08002df0           --   Gb  - Linker created -
SVC_Handler             0x08002097          Code  Gb  portasm.o [1]
SysTick_Handler         0x080018af    0x26  Code  Gb  port.o [1]
SystemInit              0x08002bd9    0xd8  Code  Gb  system_stm32f10x.o [1]
T                       0x20004a58     0x4  Data  Gb  main.o [1]
TIM_Cmd                 0x08002b87    0x14  Code  Gb  stm32f10x_tim.o [1]
TIM_OC1Init             0x08002b07    0x80  Code  Gb  stm32f10x_tim.o [1]
TIM_OC1PreloadConfig    0x08002ba1     0x6  Code  Gb  stm32f10x_tim.o [1]
TIM_TimeBaseInit        0x08002a79    0x8e  Code  Gb  stm32f10x_tim.o [1]
USART1_IRQHandler       0x080022b7    0x66  Code  Gb  serial.o [1]
USART_ClearFlag         0x08002479     0x2  Code  Gb  stm32f10x_usart.o [1]
USART_ClearITPendingBit
                        0x080024b7     0xa  Code  Gb  stm32f10x_usart.o [1]
USART_Cmd               0x08002405    0x14  Code  Gb  stm32f10x_usart.o [1]
USART_DMACmd            0x0800244d    0x10  Code  Gb  stm32f10x_usart.o [1]
USART_GetFlagStatus     0x0800246b     0xe  Code  Gb  stm32f10x_usart.o [1]
USART_GetITStatus       0x0800247b    0x3c  Code  Gb  stm32f10x_usart.o [1]
USART_ITConfig          0x08002419    0x34  Code  Gb  stm32f10x_usart.o [1]
USART_Init              0x08002365    0x9a  Code  Gb  stm32f10x_usart.o [1]
USART_SendData          0x08002463     0x8  Code  Gb  stm32f10x_usart.o [1]
UsageFault_Handler      0x08002e45     0x2  Code  Gb  stm32f10x_it.o [1]
X1                      0x20004a40     0x4  Data  Gb  main.o [1]
X2                      0x20004a44     0x4  Data  Gb  main.o [1]
X3                      0x20004a48     0x4  Data  Gb  main.o [1]
__aeabi_memclr          0x0800128d          Code  Gb  ABImemclr.o [5]
__aeabi_memcpy          0x08002671          Code  Gb  ABImemcpy.o [5]
__aeabi_memcpy4         0x08002691          Code  Gb  ABImemcpy.o [5]
__aeabi_memcpy8         0x08002691          Code  Gb  ABImemcpy.o [5]
__cmain                 0x08002df1          Code  Gb  cmain.o [5]
__exit                  0x08002e21          Code  Gb  XXexit.o [5]
__iar_Memset_word       0x08001901          Code  Gb  ABImemset.o [5]
__iar_data_init3        0x08002da9    0x28  Code  Gb  data_init.o [5]
__iar_packbits_init_single3
                        0x08002d71    0x38  Code  Gb  packbits_init_single.o [5]
__iar_program_start     0x08002e49          Code  Gb  cstartup_M.o [5]
__iar_systems$$module {Abs}
                        0x00000001          Data  Gb  command line/config [2]
__iar_zero_init3        0x08002d31    0x40  Code  Gb  zero_init3.o [5]
__vector_table          0x08000000          Data  Gb  startup_stm32f10x_md.o [1]
_call_main              0x08002dfd          Code  Gb  cmain.o [5]
_exit                   0x08002e15          Code  Gb  cexit.o [5]
_main                   0x08002e0b          Code  Gb  cmain.o [5]
available_data_size     0x20004a5c     0x4  Data  Lc  serial.o [1]
blink_task              0x08002975    0x2a  Code  Lc  led.o [1]
bmp085_task             0x08002719   0x12e  Code  Gb  main.o [1]
communicate_task        0x08002849    0x5c  Code  Gb  main.o [1]
cx_copy_task            0x0800231d    0x1e  Code  Lc  serial.o [1]
cx_copy_task_id         0x20004a64     0x4  Data  Lc  serial.o [1]
exit                    0x08002e0f     0x4  Code  Gb  exit.o [3]
hw                      0x08002cf0    0x10  Data  Gb  inv_mpu.o [1]
i2c_init                0x08001295   0x12e  Code  Gb  i2c.o [1]
i2c_read_dma            0x080013c3    0xda  Code  Gb  i2c.o [1]
i2c_reset               0x08001525    0x6c  Code  Gb  i2c.o [1]
i2c_write_bmp085        0x0800149d    0x82  Code  Gb  i2c.o [1]
led_blinker             0x080029a1    0x1c  Code  Gb  led.o [1]
led_init                0x0800294d    0x28  Code  Gb  led.o [1]
main                    0x080028a5    0x62  Code  Gb  main.o [1]
mpu_configure_fifo      0x080005dd    0x4c  Code  Gb  inv_mpu.o [1]
mpu_init                0x08000157   0x1a6  Code  Gb  inv_mpu.o [1]
mpu_reset_fifo          0x08000303   0x166  Code  Gb  inv_mpu.o [1]
mpu_set_accel_fsr       0x080004d5    0x5e  Code  Gb  inv_mpu.o [1]
mpu_set_bypass          0x0800076f   0x100  Code  Gb  inv_mpu.o [1]
mpu_set_compass_sample_rate
                        0x08000599    0x44  Code  Gb  inv_mpu.o [1]
mpu_set_gyro_fsr        0x08000469    0x66  Code  Gb  inv_mpu.o [1]
mpu_set_int_latched     0x0800086f    0x60  Code  Gb  inv_mpu.o [1]
mpu_set_lpf             0x08000535    0x64  Code  Gb  inv_mpu.o [1]
mpu_set_sensors         0x08000635   0x13a  Code  Gb  inv_mpu.o [1]
p                       0x20004a34     0x4  Data  Gb  main.o [1]
prvAddCurrentTaskToDelayedList
                        0x08001215    0x64  Code  Lc  tasks.o [1]
prvAddNewTaskToReadyList
                        0x08000bbd    0xbc  Code  Lc  tasks.o [1]
prvBytesInBuffer        0x08002633    0x12  Code  Lc  stream_buffer.o [1]
prvIdleTask             0x08000f81    0x5a  Code  Lc  tasks.o [1]
prvInitialiseNewStreamBuffer
                        0x08002645    0x2a  Code  Lc  stream_buffer.o [1]
prvInitialiseNewTask    0x08000b31    0x8c  Code  Lc  tasks.o [1]
prvInsertBlockIntoFreeList
                        0x0800174d    0x48  Code  Lc  heap_4.o [1]
prvResetNextTaskUnblockTime
                        0x08000fdb    0x1c  Code  Lc  tasks.o [1]
prvTaskExitError        0x08001851    0x10  Code  Lc  port.o [1]
prvUnlockQueue          0x08001ff1    0x60  Code  Lc  queue.o [1]
prvWriteBytesToBuffer   0x080025f1    0x42  Code  Lc  stream_buffer.o [1]
prvWriteMessageToBuffer
                        0x080025b7    0x3a  Code  Lc  stream_buffer.o [1]
pvPortMalloc            0x08001641    0xd2  Code  Gb  heap_4.o [1]
pxCurrentTCB            0x200049bc     0x4  Data  Gb  tasks.o [1]
pxDelayedTaskList       0x200049c0     0x4  Data  Lc  tasks.o [1]
pxEnd                   0x20000058     0x4  Data  Lc  heap_4.o [1]
pxOverflowDelayedTaskList
                        0x200049c4     0x4  Data  Lc  tasks.o [1]
pxPortInitialiseStack   0x08001831    0x20  Code  Gb  port.o [1]
pxReadyTasksLists       0x20004868   0x12c  Data  Lc  tasks.o [1]
reg                     0x08002cc4    0x2c  Data  Gb  inv_mpu.o [1]
rx_buffer               0x20004a60     0x4  Data  Lc  serial.o [1]
rxsemaphore             0x20004a7c     0x4  Data  Lc  i2c.o [1]
serial_init             0x080020d9   0x15a  Code  Gb  serial.o [1]
serial_rx_buffer        0x20004a68    0x14  Data  Lc  serial.o [1]
serial_write            0x08002233    0x6e  Code  Gb  serial.o [1]
servo_init              0x080029cd    0xa2  Code  Gb  servo.o [1]
set_int_enable          0x080000ed    0x64  Code  Lc  inv_mpu.o [1]
setup_compass           0x080008d5   0x1fe  Code  Lc  inv_mpu.o [1]
st                      0x20000000    0x38  Data  Lc  inv_mpu.o [1]
test                    0x08002d00    0x30  Data  Gb  inv_mpu.o [1]
ucHeap                  0x20000068  0x4800  Data  Lc  heap_4.o [1]
ulTaskNotifyTake        0x08000ffd    0x54  Code  Gb  tasks.o [1]
uxCriticalNesting       0x20000038     0x4  Data  Lc  port.o [1]
uxCurrentNumberOfTasks  0x200049e0     0x4  Data  Lc  tasks.o [1]
uxDeletedTasksWaitingCleanUp
                        0x200049c8     0x4  Data  Lc  tasks.o [1]
uxListRemove            0x08001809    0x26  Code  Gb  list.o [1]
uxPendedTicks           0x200049f0     0x4  Data  Lc  tasks.o [1]
uxSchedulerSuspended    0x20004a04     0x4  Data  Lc  tasks.o [1]
uxTaskNumber            0x200049fc     0x4  Data  Lc  tasks.o [1]
uxTopReadyPriority      0x200049e8     0x4  Data  Lc  tasks.o [1]
vListInitialise         0x0800179d    0x1a  Code  Gb  list.o [1]
vListInitialiseItem     0x080017b7     0x6  Code  Gb  list.o [1]
vListInsert             0x080017d5    0x34  Code  Gb  list.o [1]
vListInsertEnd          0x080017bd    0x18  Code  Gb  list.o [1]
vPortEnterCritical      0x08001887    0x18  Code  Gb  port.o [1]
vPortExitCritical       0x0800189f    0x10  Code  Gb  port.o [1]
vPortFree               0x08001713    0x3a  Code  Gb  heap_4.o [1]
vPortStartFirstTask     0x080020b7          Code  Gb  portasm.o [1]
vTaskDelay              0x08000c79    0x2e  Code  Gb  tasks.o [1]
vTaskInternalSetTimeOutState
                        0x08000f1b     0xe  Code  Gb  tasks.o [1]
vTaskMissedYield        0x08000f75     0xa  Code  Gb  tasks.o [1]
vTaskNotifyGiveFromISR  0x08001175    0x78  Code  Gb  tasks.o [1]
vTaskPlaceOnEventList   0x08000e8b    0x14  Code  Gb  tasks.o [1]
vTaskSetTimeOutState    0x08000eff    0x1c  Code  Gb  tasks.o [1]
vTaskStartScheduler     0x08000ca7    0x4c  Code  Gb  tasks.o [1]
vTaskSuspendAll         0x08000cf3     0xc  Code  Gb  tasks.o [1]
vTaskSwitchContext      0x08000e45    0x46  Code  Gb  tasks.o [1]
xBlockAllocatedBit      0x20000064     0x4  Data  Lc  heap_4.o [1]
xDelayedTaskList1       0x20004a08    0x14  Data  Lc  tasks.o [1]
xDelayedTaskList2       0x20004a1c    0x14  Data  Lc  tasks.o [1]
xFreeBytesRemaining     0x2000005c     0x4  Data  Lc  heap_4.o [1]
xIdleTaskHandle         0x20004a30     0x4  Data  Lc  tasks.o [1]
xMinimumEverFreeBytesRemaining
                        0x20000060     0x4  Data  Lc  heap_4.o [1]
xNextTaskUnblockTime    0x20004a00     0x4  Data  Lc  tasks.o [1]
xNumOfOverflows         0x200049f8     0x4  Data  Lc  tasks.o [1]
xPendingReadyList       0x20004994    0x14  Data  Lc  tasks.o [1]
xPortStartScheduler     0x08001861    0x26  Code  Gb  port.o [1]
xQueueCreateCountingSemaphore
                        0x08001e75    0x28  Code  Gb  queue.o [1]
xQueueGenericReset      0x08001e01    0x74  Code  Gb  queue.o [1]
xQueueGiveFromISR       0x08001e9d    0x56  Code  Gb  queue.o [1]
xQueueSemaphoreTake     0x08001ef3    0xf4  Code  Gb  queue.o [1]
xSchedulerRunning       0x200049ec     0x4  Data  Lc  tasks.o [1]
xStart                  0x20000050     0x8  Data  Lc  heap_4.o [1]
xStreamBufferGenericCreate
                        0x080024c7    0x2a  Code  Gb  stream_buffer.o [1]
xStreamBufferSend       0x08002507    0xb0  Code  Gb  stream_buffer.o [1]
xStreamBufferSpacesAvailable
                        0x080024f1    0x16  Code  Gb  stream_buffer.o [1]
xSuspendedTaskList      0x200049cc    0x14  Data  Lc  tasks.o [1]
xTaskCheckForTimeOut    0x08000f29    0x4c  Code  Gb  tasks.o [1]
xTaskCreate             0x08000ad9    0x52  Code  Gb  tasks.o [1]
xTaskGenericNotify      0x080010dd    0x96  Code  Gb  tasks.o [1]
xTaskGetCurrentTaskHandle
                        0x08000ff7     0x6  Code  Gb  tasks.o [1]
xTaskIncrementTick      0x08000d97    0xae  Code  Gb  tasks.o [1]
xTaskNotifyStateClear   0x080011ed    0x20  Code  Gb  tasks.o [1]
xTaskNotifyWait         0x08001059    0x84  Code  Gb  tasks.o [1]
xTaskRemoveFromEventList
                        0x08000ea9    0x56  Code  Gb  tasks.o [1]
xTaskResumeAll          0x08000cff    0x98  Code  Gb  tasks.o [1]
xTasksWaitingTermination
                        0x200049a8    0x14  Data  Lc  tasks.o [1]
xTickCount              0x200049e4     0x4  Data  Lc  tasks.o [1]
xYieldPending           0x200049f4     0x4  Data  Lc  tasks.o [1]


[1] = E:\cortex-m3\gnustm32\iarproj\Release\Obj
[2] = command line
[3] = dl7M_tln.a
[4] = m7M_tl.a
[5] = rt7M_tl.a

  11 928 bytes of readonly  code memory
     176 bytes of readonly  data memory
  20 096 bytes of readwrite data memory

Errors: none
Warnings: none
