###############################################################################
#
# IAR ELF Linker V8.22.2.15995/W32 for ARM                08/Sep/2018  10:29:08
# Copyright 2007-2018 IAR Systems AB.
#
#    Output file  =  E:\cortex-m3\gnustm32\iarproj\Debug\Exe\projworkspace.out
#    Map file     =  E:\cortex-m3\gnustm32\iarproj\Debug\List\projworkspace.map
#    Command line =  
#        -f C:\Users\Blithe\AppData\Local\Temp\EW7037.tmp
#        (E:\cortex-m3\gnustm32\iarproj\Debug\Obj\bmp085.o
#        E:\cortex-m3\gnustm32\iarproj\Debug\Obj\croutine.o
#        E:\cortex-m3\gnustm32\iarproj\Debug\Obj\datapack.o
#        E:\cortex-m3\gnustm32\iarproj\Debug\Obj\event_groups.o
#        E:\cortex-m3\gnustm32\iarproj\Debug\Obj\heap_4.o
#        E:\cortex-m3\gnustm32\iarproj\Debug\Obj\i2c.o
#        E:\cortex-m3\gnustm32\iarproj\Debug\Obj\led.o
#        E:\cortex-m3\gnustm32\iarproj\Debug\Obj\list.o
#        E:\cortex-m3\gnustm32\iarproj\Debug\Obj\main.o
#        E:\cortex-m3\gnustm32\iarproj\Debug\Obj\misc.o
#        E:\cortex-m3\gnustm32\iarproj\Debug\Obj\port.o
#        E:\cortex-m3\gnustm32\iarproj\Debug\Obj\portasm.o
#        E:\cortex-m3\gnustm32\iarproj\Debug\Obj\queue.o
#        E:\cortex-m3\gnustm32\iarproj\Debug\Obj\serial.o
#        E:\cortex-m3\gnustm32\iarproj\Debug\Obj\servo.o
#        E:\cortex-m3\gnustm32\iarproj\Debug\Obj\startup_stm32f10x_md.o
#        E:\cortex-m3\gnustm32\iarproj\Debug\Obj\stm32f10x_adc.o
#        E:\cortex-m3\gnustm32\iarproj\Debug\Obj\stm32f10x_bkp.o
#        E:\cortex-m3\gnustm32\iarproj\Debug\Obj\stm32f10x_can.o
#        E:\cortex-m3\gnustm32\iarproj\Debug\Obj\stm32f10x_cec.o
#        E:\cortex-m3\gnustm32\iarproj\Debug\Obj\stm32f10x_crc.o
#        E:\cortex-m3\gnustm32\iarproj\Debug\Obj\stm32f10x_dac.o
#        E:\cortex-m3\gnustm32\iarproj\Debug\Obj\stm32f10x_dbgmcu.o
#        E:\cortex-m3\gnustm32\iarproj\Debug\Obj\stm32f10x_dma.o
#        E:\cortex-m3\gnustm32\iarproj\Debug\Obj\stm32f10x_exti.o
#        E:\cortex-m3\gnustm32\iarproj\Debug\Obj\stm32f10x_flash.o
#        E:\cortex-m3\gnustm32\iarproj\Debug\Obj\stm32f10x_fsmc.o
#        E:\cortex-m3\gnustm32\iarproj\Debug\Obj\stm32f10x_gpio.o
#        E:\cortex-m3\gnustm32\iarproj\Debug\Obj\stm32f10x_i2c.o
#        E:\cortex-m3\gnustm32\iarproj\Debug\Obj\stm32f10x_it.o
#        E:\cortex-m3\gnustm32\iarproj\Debug\Obj\stm32f10x_iwdg.o
#        E:\cortex-m3\gnustm32\iarproj\Debug\Obj\stm32f10x_pwr.o
#        E:\cortex-m3\gnustm32\iarproj\Debug\Obj\stm32f10x_rcc.o
#        E:\cortex-m3\gnustm32\iarproj\Debug\Obj\stm32f10x_rtc.o
#        E:\cortex-m3\gnustm32\iarproj\Debug\Obj\stm32f10x_sdio.o
#        E:\cortex-m3\gnustm32\iarproj\Debug\Obj\stm32f10x_spi.o
#        E:\cortex-m3\gnustm32\iarproj\Debug\Obj\stm32f10x_tim.o
#        E:\cortex-m3\gnustm32\iarproj\Debug\Obj\stm32f10x_usart.o
#        E:\cortex-m3\gnustm32\iarproj\Debug\Obj\stm32f10x_wwdg.o
#        E:\cortex-m3\gnustm32\iarproj\Debug\Obj\stream_buffer.o
#        E:\cortex-m3\gnustm32\iarproj\Debug\Obj\system_stm32f10x.o
#        E:\cortex-m3\gnustm32\iarproj\Debug\Obj\tasks.o
#        E:\cortex-m3\gnustm32\iarproj\Debug\Obj\timers.o -o
#        E:\cortex-m3\gnustm32\iarproj\Debug\Exe\projworkspace.out --map
#        E:\cortex-m3\gnustm32\iarproj\Debug\List\projworkspace.map --config
#        E:\cortex-m3\gnustm32\iarproj\stm32f10x_ram.icf --semihosting --entry
#        __iar_program_start --vfe --text_out locale)
#
###############################################################################

*******************************************************************************
*** RUNTIME MODEL ATTRIBUTES
***

CppFlavor       = *
__SystemLibrary = DLib
__dlib_version  = 6


*******************************************************************************
*** HEAP SELECTION
***

The basic heap was selected because no calls to memory allocation
functions were found in the application outside of system library
functions, and there are calls to deallocation functions in the
application.


*******************************************************************************
*** PLACEMENT SUMMARY
***

"A0":  place at 0x20000000 { ro section .intvec };
"P1":  place in [from 0x20000000 to 0x20002dff] { ro };
define block CSTACK with size = 512, alignment = 8 { };
define block HEAP with size = 0M, alignment = 8 { };
"P2":  place in [from 0x20002e00 to 0x20004fff] {
          rw, block CSTACK, block HEAP };
initialize by copy { rw };

  Section            Kind        Address    Size  Object
  -------            ----        -------    ----  ------
"A0":                                       0xec
  .intvec            ro code  0x20000000    0xec  startup_stm32f10x_md.o [1]
                            - 0x200000ec    0xec

"P1":                                     0x2bd0
  .text              ro code  0x200000ec   0xa18  tasks.o [1]
  .text              ro code  0x20000b04   0x1e4  heap_4.o [1]
  .text              ro code  0x20000ce8    0x98  list.o [1]
  .text              ro code  0x20000d80    0xf4  port.o [1]
  CODE               ro code  0x20000e74    0x88  portasm.o [1]
  .text              ro code  0x20000efc   0x3b0  i2c.o [1]
  .text              ro code  0x200012ac   0x160  stm32f10x_rcc.o [1]
  .text              ro code  0x2000140c   0x25a  stm32f10x_i2c.o [1]
  .text              ro code  0x20001668    0xd0  stm32f10x_gpio.o [1]
  .text              ro code  0x20001738    0x80  misc.o [1]
  .text              ro code  0x200017b8    0xc8  stm32f10x_dma.o [1]
  .text              ro code  0x20001880   0x2c6  queue.o [1]
  .text              ro code  0x20001b48   0x350  main.o [1]
  .text              ro code  0x20001e98   0x2c8  serial.o [1]
  .text              ro code  0x20002160    0x84  led.o [1]
  .text              ro code  0x200021e4    0xbc  servo.o [1]
  .text              ro code  0x200022a0   0x1fe  stm32f10x_usart.o [1]
  .text              ro code  0x2000249e   0x1f2  stream_buffer.o [1]
  .text              ro code  0x20002690   0x17c  stm32f10x_tim.o [1]
  .text              ro code  0x2000280c    0xa6  ABImemcpy.o [4]
  .text              ro code  0x200028b4    0x66  ABImemset.o [4]
  .text              ro code  0x2000291c   0x158  system_stm32f10x.o [1]
  .text              ro code  0x20002a74    0x40  zero_init3.o [4]
  .text              ro code  0x20002ab4    0x2c  copy_init3.o [4]
  .text              ro code  0x20002ae0    0x28  data_init.o [4]
  .iar.init_table    const    0x20002b08    0x24  - Linker created -
  .text              ro code  0x20002b2c    0x1e  cmain.o [4]
  .text              ro code  0x20002b4a     0x4  low_level_init.o [3]
  .text              ro code  0x20002b4e     0x4  exit.o [3]
  .text              ro code  0x20002b54     0xa  cexit.o [4]
  .text              ro code  0x20002b60    0x14  exit.o [5]
  Initializer bytes  const    0x20002b74    0x18  <for P2-1>
  .rodata            const    0x20002b8c    0x10  main.o [1]
  .text              ro code  0x20002b9c    0x10  startup_stm32f10x_md.o [1]
  .rodata            const    0x20002bac     0xc  serial.o [1]
  .text              ro code  0x20002bb8     0xc  stm32f10x_it.o [1]
  .text              ro code  0x20002bc4     0xc  cstartup_M.o [4]
  .rodata            const    0x20002bd0     0x8  led.o [1]
  .rodata            const    0x20002bd8     0x8  main.o [1]
  .rodata            const    0x20002be0     0x8  tasks.o [1]
  .rodata            const    0x20002be8     0x4  heap_4.o [1]
  .text              ro code  0x20002bec     0x4  startup_stm32f10x_md.o [1]
  .text              ro code  0x20002bf0     0x4  startup_stm32f10x_md.o [1]
  .text              ro code  0x20002bf4     0x4  startup_stm32f10x_md.o [1]
  .text              ro code  0x20002bf8     0x4  startup_stm32f10x_md.o [1]
  .text              ro code  0x20002bfc     0x4  startup_stm32f10x_md.o [1]
  .text              ro code  0x20002c00     0x4  startup_stm32f10x_md.o [1]
  .text              ro code  0x20002c04     0x4  startup_stm32f10x_md.o [1]
  .text              ro code  0x20002c08     0x4  startup_stm32f10x_md.o [1]
  .text              ro code  0x20002c0c     0x4  startup_stm32f10x_md.o [1]
  .text              ro code  0x20002c10     0x4  startup_stm32f10x_md.o [1]
  .text              ro code  0x20002c14     0x4  startup_stm32f10x_md.o [1]
  .text              ro code  0x20002c18     0x4  startup_stm32f10x_md.o [1]
  .text              ro code  0x20002c1c     0x4  startup_stm32f10x_md.o [1]
  .text              ro code  0x20002c20     0x4  startup_stm32f10x_md.o [1]
  .text              ro code  0x20002c24     0x4  startup_stm32f10x_md.o [1]
  .text              ro code  0x20002c28     0x4  startup_stm32f10x_md.o [1]
  .text              ro code  0x20002c2c     0x4  startup_stm32f10x_md.o [1]
  .text              ro code  0x20002c30     0x4  startup_stm32f10x_md.o [1]
  .text              ro code  0x20002c34     0x4  startup_stm32f10x_md.o [1]
  .text              ro code  0x20002c38     0x4  startup_stm32f10x_md.o [1]
  .text              ro code  0x20002c3c     0x4  startup_stm32f10x_md.o [1]
  .text              ro code  0x20002c40     0x4  startup_stm32f10x_md.o [1]
  .text              ro code  0x20002c44     0x4  startup_stm32f10x_md.o [1]
  .text              ro code  0x20002c48     0x4  startup_stm32f10x_md.o [1]
  .text              ro code  0x20002c4c     0x4  startup_stm32f10x_md.o [1]
  .text              ro code  0x20002c50     0x4  startup_stm32f10x_md.o [1]
  .text              ro code  0x20002c54     0x4  startup_stm32f10x_md.o [1]
  .text              ro code  0x20002c58     0x4  startup_stm32f10x_md.o [1]
  .text              ro code  0x20002c5c     0x4  startup_stm32f10x_md.o [1]
  .text              ro code  0x20002c60     0x4  startup_stm32f10x_md.o [1]
  .text              ro code  0x20002c64     0x4  startup_stm32f10x_md.o [1]
  .text              ro code  0x20002c68     0x4  startup_stm32f10x_md.o [1]
  .text              ro code  0x20002c6c     0x4  startup_stm32f10x_md.o [1]
  .text              ro code  0x20002c70     0x4  startup_stm32f10x_md.o [1]
  .text              ro code  0x20002c74     0x4  startup_stm32f10x_md.o [1]
  .text              ro code  0x20002c78     0x4  startup_stm32f10x_md.o [1]
  .text              ro code  0x20002c7c     0x4  startup_stm32f10x_md.o [1]
  .text              ro code  0x20002c80     0x4  startup_stm32f10x_md.o [1]
  .text              ro code  0x20002c84     0x4  startup_stm32f10x_md.o [1]
  .text              ro code  0x20002c88     0x4  startup_stm32f10x_md.o [1]
  .text              ro code  0x20002c8c     0x4  startup_stm32f10x_md.o [1]
  .text              ro code  0x20002c90     0x4  startup_stm32f10x_md.o [1]
  .text              ro code  0x20002c94     0x4  startup_stm32f10x_md.o [1]
  .text              ro code  0x20002c98     0x4  startup_stm32f10x_md.o [1]
  .text              ro code  0x20002c9c     0x4  startup_stm32f10x_md.o [1]
  .text              ro code  0x20002ca0     0x4  startup_stm32f10x_md.o [1]
  .text              ro code  0x20002ca4     0x4  startup_stm32f10x_md.o [1]
  .text              ro code  0x20002ca8     0x4  startup_stm32f10x_md.o [1]
  .text              ro code  0x20002cac     0x4  startup_stm32f10x_md.o [1]
  .text              ro code  0x20002cb0     0x4  startup_stm32f10x_md.o [1]
  .text              ro code  0x20002cb4     0x4  startup_stm32f10x_md.o [1]
  .text              ro code  0x20002cb8     0x4  startup_stm32f10x_md.o [1]
  .rodata            const    0x20002cbc     0x0  zero_init3.o [4]
  .rodata            const    0x20002cbc     0x0  copy_init3.o [4]
                            - 0x20002cbc  0x2bd0

"P2", part 1 of 3:                          0x18
  P2-1                        0x20002e00    0x18  <Init block>
    .data            inited   0x20002e00     0x4  port.o [1]
    .data            inited   0x20002e04    0x10  stm32f10x_rcc.o [1]
    .data            inited   0x20002e14     0x4  stm32f10x_rcc.o [1]
                            - 0x20002e18    0x18

"P2", part 2 of 3:                        0x1e30
  .bss               zero     0x20002e18  0x1c00  heap_4.o [1]
  .bss               zero     0x20004a18   0x12c  tasks.o [1]
  .bss               zero     0x20004b44    0x14  serial.o [1]
  .bss               zero     0x20004b58    0x14  tasks.o [1]
  .bss               zero     0x20004b6c    0x14  tasks.o [1]
  .bss               zero     0x20004b80    0x14  tasks.o [1]
  .bss               zero     0x20004b94    0x14  tasks.o [1]
  .bss               zero     0x20004ba8    0x14  tasks.o [1]
  .bss               zero     0x20004bbc     0x8  heap_4.o [1]
  .bss               zero     0x20004bc4     0x4  heap_4.o [1]
  .bss               zero     0x20004bc8     0x4  heap_4.o [1]
  .bss               zero     0x20004bcc     0x4  heap_4.o [1]
  .bss               zero     0x20004bd0     0x4  heap_4.o [1]
  .bss               zero     0x20004bd4     0x4  i2c.o [1]
  .bss               zero     0x20004bd8     0x4  main.o [1]
  .bss               zero     0x20004bdc     0x4  main.o [1]
  .bss               zero     0x20004be0     0x4  main.o [1]
  .bss               zero     0x20004be4     0x4  main.o [1]
  .bss               zero     0x20004be8     0x4  main.o [1]
  .bss               zero     0x20004bec     0x4  main.o [1]
  .bss               zero     0x20004bf0     0x4  main.o [1]
  .bss               zero     0x20004bf4     0x4  main.o [1]
  .bss               zero     0x20004bf8     0x4  main.o [1]
  .bss               zero     0x20004bfc     0x4  main.o [1]
  .bss               zero     0x20004c00     0x4  serial.o [1]
  .bss               zero     0x20004c04     0x4  serial.o [1]
  .bss               zero     0x20004c08     0x4  serial.o [1]
  .bss               zero     0x20004c0c     0x4  tasks.o [1]
  .bss               zero     0x20004c10     0x4  tasks.o [1]
  .bss               zero     0x20004c14     0x4  tasks.o [1]
  .bss               zero     0x20004c18     0x4  tasks.o [1]
  .bss               zero     0x20004c1c     0x4  tasks.o [1]
  .bss               zero     0x20004c20     0x4  tasks.o [1]
  .bss               zero     0x20004c24     0x4  tasks.o [1]
  .bss               zero     0x20004c28     0x4  tasks.o [1]
  .bss               zero     0x20004c2c     0x4  tasks.o [1]
  .bss               zero     0x20004c30     0x4  tasks.o [1]
  .bss               zero     0x20004c34     0x4  tasks.o [1]
  .bss               zero     0x20004c38     0x4  tasks.o [1]
  .bss               zero     0x20004c3c     0x4  tasks.o [1]
  .bss               zero     0x20004c40     0x4  tasks.o [1]
  .bss               zero     0x20004c44     0x4  tasks.o [1]
                            - 0x20004c48  0x1e30

"P2", part 3 of 3:                         0x200
  CSTACK                      0x20004c48   0x200  <Block>
    CSTACK           uninit   0x20004c48   0x200  <Block tail>
                            - 0x20004e48   0x200


*******************************************************************************
*** INIT TABLE
***

          Address     Size
          -------     ----
Zero (__iar_zero_init3)
    1 destination range, total size 0x1e30:
          0x20002e18  0x1e30

Copy (__iar_copy_init3)
    1 source range, total size 0x18:
          0x20002b74    0x18
    1 destination range, total size 0x18:
          0x20002e00    0x18



*******************************************************************************
*** MODULE SUMMARY
***

    Module                  ro code  ro data  rw data
    ------                  -------  -------  -------
E:\cortex-m3\gnustm32\iarproj\Debug\Obj: [1]
    heap_4.o                    484        4    7 192
    i2c.o                       944                 4
    led.o                       132        8
    list.o                      152
    main.o                      848       24       40
    misc.o                      128
    port.o                      244        4        4
    portasm.o                   136
    queue.o                     710
    serial.o                    712       12       32
    servo.o                     188
    startup_stm32f10x_md.o      460
    stm32f10x_dma.o             200
    stm32f10x_gpio.o            208
    stm32f10x_i2c.o             602
    stm32f10x_it.o               12
    stm32f10x_rcc.o             352       20       20
    stm32f10x_tim.o             380
    stm32f10x_usart.o           510
    stream_buffer.o             498
    system_stm32f10x.o          344
    tasks.o                   2 584        8      460
    -------------------------------------------------
    Total:                   10 828       80    7 752

command line: [2]
    -------------------------------------------------
    Total:

dl7M_tln.a: [3]
    exit.o                        4
    low_level_init.o              4
    -------------------------------------------------
    Total:                        8

rt7M_tl.a: [4]
    ABImemcpy.o                 166
    ABImemset.o                 102
    cexit.o                      10
    cmain.o                      30
    copy_init3.o                 44
    cstartup_M.o                 12
    data_init.o                  40
    zero_init3.o                 64
    -------------------------------------------------
    Total:                      468

shb_l.a: [5]
    exit.o                       20
    -------------------------------------------------
    Total:                       20

    Gaps                         12
    Linker created                        36      512
-----------------------------------------------------
    Grand Total:             11 336      116    8 264


*******************************************************************************
*** ENTRY LIST
***

Entry                      Address    Size  Type      Object
-----                      -------    ----  ----      ------
.iar.init_table$$Base   0x20002b08           --   Gb  - Linker created -
.iar.init_table$$Limit  0x20002b2c           --   Gb  - Linker created -
?main                   0x20002b2d          Code  Gb  cmain.o [4]
ADCPrescTable           0x20002e14     0x4  Data  Lc  stm32f10x_rcc.o [1]
APBAHBPrescTable        0x20002e04    0x10  Data  Lc  stm32f10x_rcc.o [1]
B3                      0x20004bec     0x4  Data  Gb  main.o [1]
B4                      0x20004bf8     0x4  Data  Gb  main.o [1]
B5                      0x20004bd8     0x4  Data  Gb  main.o [1]
B6                      0x20004bdc     0x4  Data  Gb  main.o [1]
B7                      0x20004bf0     0x4  Data  Gb  main.o [1]
BusFault_Handler        0x20002bbf     0x2  Code  Gb  stm32f10x_it.o [1]
CSTACK$$Base            0x20004c48           --   Gb  - Linker created -
CSTACK$$Limit           0x20004e48           --   Gb  - Linker created -
DMA1_Channel5_IRQHandler
                        0x2000207d    0x14  Code  Gb  serial.o [1]
DMA1_Channel7_IRQHandler
                        0x2000121d    0x54  Code  Gb  i2c.o [1]
DMA_ClearFlag           0x2000184f    0x10  Code  Gb  stm32f10x_dma.o [1]
DMA_ClearITPendingBit   0x2000185f    0x10  Code  Gb  stm32f10x_dma.o [1]
DMA_Cmd                 0x200017f5    0x1c  Code  Gb  stm32f10x_dma.o [1]
DMA_GetCurrDataCounter  0x20001829     0x6  Code  Gb  stm32f10x_dma.o [1]
DMA_GetFlagStatus       0x2000182f    0x20  Code  Gb  stm32f10x_dma.o [1]
DMA_ITConfig            0x20001811    0x18  Code  Gb  stm32f10x_dma.o [1]
DMA_Init                0x200017b9    0x3c  Code  Gb  stm32f10x_dma.o [1]
DebugMon_Handler        0x20002bc3     0x2  Code  Gb  stm32f10x_it.o [1]
GPIO_Configuration      0x2000225d    0x38  Code  Lc  servo.o [1]
GPIO_Init               0x20001669    0xc4  Code  Gb  stm32f10x_gpio.o [1]
GPIO_ResetBits          0x20001733     0x6  Code  Gb  stm32f10x_gpio.o [1]
GPIO_SetBits            0x2000172d     0x6  Code  Gb  stm32f10x_gpio.o [1]
HardFault_Handler       0x20002bbb     0x2  Code  Gb  stm32f10x_it.o [1]
I2C1_ER_IRQHandler      0x20001209    0x14  Code  Gb  i2c.o [1]
I2C1_EV_IRQHandler      0x200011f5    0x14  Code  Gb  i2c.o [1]
I2C_AcknowledgeConfig   0x200015a5    0x1c  Code  Gb  stm32f10x_i2c.o [1]
I2C_CheckEvent          0x200015f5    0x24  Code  Gb  stm32f10x_i2c.o [1]
I2C_ClearITPendingBit   0x2000165b     0xc  Code  Gb  stm32f10x_i2c.o [1]
I2C_Cmd                 0x20001519    0x1c  Code  Gb  stm32f10x_i2c.o [1]
I2C_DMACmd              0x20001535    0x1c  Code  Gb  stm32f10x_i2c.o [1]
I2C_DMALastTransferCmd  0x20001551    0x1c  Code  Gb  stm32f10x_i2c.o [1]
I2C_DeInit              0x2000140d    0x34  Code  Gb  stm32f10x_i2c.o [1]
I2C_GenerateSTART       0x2000156d    0x1c  Code  Gb  stm32f10x_i2c.o [1]
I2C_GenerateSTOP        0x20001589    0x1c  Code  Gb  stm32f10x_i2c.o [1]
I2C_GetFlagStatus       0x20001619    0x42  Code  Gb  stm32f10x_i2c.o [1]
I2C_ITConfig            0x200015c1    0x18  Code  Gb  stm32f10x_i2c.o [1]
I2C_Init                0x20001441    0xc6  Code  Gb  stm32f10x_i2c.o [1]
I2C_Send7bitAddress     0x200015df    0x16  Code  Gb  stm32f10x_i2c.o [1]
I2C_SendData            0x200015d9     0x6  Code  Gb  stm32f10x_i2c.o [1]
MemManage_Handler       0x20002bbd     0x2  Code  Gb  stm32f10x_it.o [1]
NMI_Handler             0x20002bb9     0x2  Code  Gb  stm32f10x_it.o [1]
NVIC_Init               0x20001743    0x60  Code  Gb  misc.o [1]
NVIC_PriorityGroupConfig
                        0x20001739     0xa  Code  Gb  misc.o [1]
PendSV_Handler          0x20000e75          Code  Gb  portasm.o [1]
RCC_AHBPeriphClockCmd   0x20001367    0x20  Code  Gb  stm32f10x_rcc.o [1]
RCC_APB1PeriphClockCmd  0x200013a7    0x20  Code  Gb  stm32f10x_rcc.o [1]
RCC_APB1PeriphResetCmd  0x200013c7    0x20  Code  Gb  stm32f10x_rcc.o [1]
RCC_APB2PeriphClockCmd  0x20001387    0x20  Code  Gb  stm32f10x_rcc.o [1]
RCC_Configuration       0x20002249    0x14  Code  Lc  servo.o [1]
RCC_GetClocksFreq       0x200012ad    0xba  Code  Gb  stm32f10x_rcc.o [1]
Region$$Table$$Base     0x20002b08           --   Gb  - Linker created -
Region$$Table$$Limit    0x20002b2c           --   Gb  - Linker created -
SVC_Handler             0x20000ebb          Code  Gb  portasm.o [1]
SetSysClock             0x20002971     0x8  Code  Lc  system_stm32f10x.o [1]
SetSysClockTo72         0x20002979    0xe0  Code  Lc  system_stm32f10x.o [1]
SysTick_Config          0x20001b6d    0x2e  Code  Lc  main.o [1]
SysTick_Handler         0x20000e11    0x28  Code  Gb  port.o [1]
SystemInit              0x2000291d    0x54  Code  Gb  system_stm32f10x.o [1]
T                       0x20004bfc     0x4  Data  Gb  main.o [1]
TIM_Cmd                 0x200027b7    0x1c  Code  Gb  stm32f10x_tim.o [1]
TIM_OC1Init             0x20002723    0x94  Code  Gb  stm32f10x_tim.o [1]
TIM_OC1PreloadConfig    0x200027d3    0x10  Code  Gb  stm32f10x_tim.o [1]
TIM_TimeBaseInit        0x20002691    0x92  Code  Gb  stm32f10x_tim.o [1]
USART1_IRQHandler       0x20002091    0x70  Code  Gb  serial.o [1]
USART_ClearFlag         0x2000240b     0xe  Code  Gb  stm32f10x_usart.o [1]
USART_ClearITPendingBit
                        0x2000247f    0x20  Code  Gb  stm32f10x_usart.o [1]
USART_Cmd               0x20002361    0x1c  Code  Gb  stm32f10x_usart.o [1]
USART_DMACmd            0x200023d1    0x18  Code  Gb  stm32f10x_usart.o [1]
USART_GetFlagStatus     0x200023f1    0x1a  Code  Gb  stm32f10x_usart.o [1]
USART_GetITStatus       0x20002419    0x66  Code  Gb  stm32f10x_usart.o [1]
USART_ITConfig          0x2000237d    0x54  Code  Gb  stm32f10x_usart.o [1]
USART_Init              0x200022a1    0xba  Code  Gb  stm32f10x_usart.o [1]
USART_SendData          0x200023e9     0x8  Code  Gb  stm32f10x_usart.o [1]
UsageFault_Handler      0x20002bc1     0x2  Code  Gb  stm32f10x_it.o [1]
X1                      0x20004be0     0x4  Data  Gb  main.o [1]
X2                      0x20004be4     0x4  Data  Gb  main.o [1]
X3                      0x20004be8     0x4  Data  Gb  main.o [1]
__NVIC_SetPriority      0x20001b49    0x24  Code  Lc  main.o [1]
__aeabi_memcpy          0x2000280d          Code  Gb  ABImemcpy.o [4]
__aeabi_memcpy4         0x2000282d          Code  Gb  ABImemcpy.o [4]
__aeabi_memcpy8         0x2000282d          Code  Gb  ABImemcpy.o [4]
__aeabi_memset          0x200028b5          Code  Gb  ABImemset.o [4]
__cmain                 0x20002b2d          Code  Gb  cmain.o [4]
__exit                  0x20002b61    0x14  Code  Gb  exit.o [5]
__iar_Memset            0x200028b5          Code  Gb  ABImemset.o [4]
__iar_Memset_word       0x200028bd          Code  Gb  ABImemset.o [4]
__iar_copy_init3        0x20002ab5    0x2c  Code  Gb  copy_init3.o [4]
__iar_data_init3        0x20002ae1    0x28  Code  Gb  data_init.o [4]
__iar_program_start     0x20002bc5          Code  Gb  cstartup_M.o [4]
__iar_systems$$module {Abs}
                        0x00000001          Data  Gb  command line/config [2]
__iar_zero_init3        0x20002a75    0x40  Code  Gb  zero_init3.o [4]
__low_level_init        0x20002b4b     0x4  Code  Gb  low_level_init.o [3]
__vector_table          0x20000000          Data  Gb  startup_stm32f10x_md.o [1]
_call_main              0x20002b39          Code  Gb  cmain.o [4]
_exit                   0x20002b55          Code  Gb  cexit.o [4]
_main                   0x20002b47          Code  Gb  cmain.o [4]
available_data_size     0x20004c00     0x4  Data  Lc  serial.o [1]
blink_task              0x20002189    0x38  Code  Lc  led.o [1]
bmp085_task             0x20001b9b   0x1d2  Code  Gb  main.o [1]
communicate_task        0x20001d6d    0x7a  Code  Gb  main.o [1]
cx_copy_task            0x20002105    0x1e  Code  Lc  serial.o [1]
cx_copy_task_id         0x20004c08     0x4  Data  Lc  serial.o [1]
exit                    0x20002b4f     0x4  Code  Gb  exit.o [3]
i2c_init                0x20000efd   0x144  Code  Gb  i2c.o [1]
i2c_read_dma            0x20001041    0xcc  Code  Gb  i2c.o [1]
i2c_reset               0x2000118d    0x68  Code  Gb  i2c.o [1]
i2c_write_bmp085        0x2000110d    0x80  Code  Gb  i2c.o [1]
led_blinker             0x200021c1    0x18  Code  Gb  led.o [1]
led_init                0x20002161    0x28  Code  Gb  led.o [1]
main                    0x20001de7    0x4c  Code  Gb  main.o [1]
p                       0x20004bf4     0x4  Data  Gb  main.o [1]
prvAddCurrentTaskToDelayedList
                        0x20000a45    0x7c  Code  Lc  tasks.o [1]
prvAddNewTaskToReadyList
                        0x200001e5    0xba  Code  Lc  tasks.o [1]
prvBytesInBuffer        0x20002649    0x18  Code  Lc  stream_buffer.o [1]
prvCheckTasksWaitingTermination
                        0x200006fd    0x3c  Code  Lc  tasks.o [1]
prvDeleteTCB            0x2000073d    0x12  Code  Lc  tasks.o [1]
prvHeapInit             0x20000c11    0x62  Code  Lc  heap_4.o [1]
prvIdleTask             0x20000685    0x22  Code  Lc  tasks.o [1]
prvInitialiseNewQueue   0x20001939    0x1c  Code  Lc  queue.o [1]
prvInitialiseNewStreamBuffer
                        0x20002661    0x30  Code  Lc  stream_buffer.o [1]
prvInitialiseNewTask    0x2000015b    0x8a  Code  Lc  tasks.o [1]
prvInitialiseTaskLists  0x200006a7    0x56  Code  Lc  tasks.o [1]
prvInsertBlockIntoFreeList
                        0x20000c73    0x58  Code  Lc  heap_4.o [1]
prvIsQueueEmpty         0x20001b2b    0x1c  Code  Lc  queue.o [1]
prvResetNextTaskUnblockTime
                        0x2000074f    0x2c  Code  Lc  tasks.o [1]
prvTaskExitError        0x20000da1    0x10  Code  Lc  port.o [1]
prvUnlockQueue          0x20001ab9    0x72  Code  Lc  queue.o [1]
prvWriteBytesToBuffer   0x200025f1    0x58  Code  Lc  stream_buffer.o [1]
prvWriteMessageToBuffer
                        0x200025a7    0x4a  Code  Lc  stream_buffer.o [1]
pvPortMalloc            0x20000b05    0xc6  Code  Gb  heap_4.o [1]
pxCurrentTCB            0x20004c0c     0x4  Data  Gb  tasks.o [1]
pxDelayedTaskList       0x20004c10     0x4  Data  Lc  tasks.o [1]
pxEnd                   0x20004bc4     0x4  Data  Lc  heap_4.o [1]
pxOverflowDelayedTaskList
                        0x20004c14     0x4  Data  Lc  tasks.o [1]
pxPortInitialiseStack   0x20000d81    0x20  Code  Gb  port.o [1]
pxReadyTasksLists       0x20004a18   0x12c  Data  Lc  tasks.o [1]
rx_buffer               0x20004c04     0x4  Data  Lc  serial.o [1]
rxsemaphore             0x20004bd4     0x4  Data  Lc  i2c.o [1]
serial_init             0x20001e99   0x16c  Code  Gb  serial.o [1]
serial_rx_buffer        0x20004b44    0x14  Data  Lc  serial.o [1]
serial_write            0x20002005    0x78  Code  Gb  serial.o [1]
servo_init              0x200021e5    0x64  Code  Gb  servo.o [1]
ucHeap                  0x20002e18  0x1c00  Data  Lc  heap_4.o [1]
ulTaskNotifyTake        0x20000795    0x80  Code  Gb  tasks.o [1]
uxCriticalNesting       0x20002e00     0x4  Data  Lc  port.o [1]
uxCurrentNumberOfTasks  0x20004c1c     0x4  Data  Lc  tasks.o [1]
uxDeletedTasksWaitingCleanUp
                        0x20004c18     0x4  Data  Lc  tasks.o [1]
uxListRemove            0x20000d5b    0x26  Code  Gb  list.o [1]
uxPendedTicks           0x20004c2c     0x4  Data  Lc  tasks.o [1]
uxSchedulerSuspended    0x20004c44     0x4  Data  Lc  tasks.o [1]
uxTaskNumber            0x20004c38     0x4  Data  Lc  tasks.o [1]
uxTopReadyPriority      0x20004c24     0x4  Data  Lc  tasks.o [1]
vListInitialise         0x20000ce9    0x1e  Code  Gb  list.o [1]
vListInitialiseItem     0x20000d07     0x6  Code  Gb  list.o [1]
vListInsert             0x20000d25    0x36  Code  Gb  list.o [1]
vListInsertEnd          0x20000d0d    0x18  Code  Gb  list.o [1]
vPortEnterCritical      0x20000ddd    0x1a  Code  Gb  port.o [1]
vPortExitCritical       0x20000df7    0x1a  Code  Gb  port.o [1]
vPortFree               0x20000bcb    0x46  Code  Gb  heap_4.o [1]
vPortStartFirstTask     0x20000edb          Code  Gb  portasm.o [1]
vTaskDelay              0x2000029f    0x32  Code  Gb  tasks.o [1]
vTaskInternalSetTimeOutState
                        0x2000060f    0x12  Code  Gb  tasks.o [1]
vTaskMissedYield        0x20000679     0xa  Code  Gb  tasks.o [1]
vTaskNotifyGiveFromISR  0x2000097d    0x8c  Code  Gb  tasks.o [1]
vTaskPlaceOnEventList   0x2000056d    0x1a  Code  Gb  tasks.o [1]
vTaskSetTimeOutState    0x200005f1    0x1e  Code  Gb  tasks.o [1]
vTaskStartScheduler     0x200002d1    0x4e  Code  Gb  tasks.o [1]
vTaskSuspendAll         0x2000031f    0x10  Code  Gb  tasks.o [1]
vTaskSwitchContext      0x20000517    0x56  Code  Gb  tasks.o [1]
xBlockAllocatedBit      0x20004bd0     0x4  Data  Lc  heap_4.o [1]
xDelayedTaskList1       0x20004b58    0x14  Data  Lc  tasks.o [1]
xDelayedTaskList2       0x20004b6c    0x14  Data  Lc  tasks.o [1]
xFreeBytesRemaining     0x20004bc8     0x4  Data  Lc  heap_4.o [1]
xHeapStructSize         0x20002be8     0x4  Data  Lc  heap_4.o [1]
xIdleTaskHandle         0x20004c40     0x4  Data  Lc  tasks.o [1]
xMinimumEverFreeBytesRemaining
                        0x20004bcc     0x4  Data  Lc  heap_4.o [1]
xNextTaskUnblockTime    0x20004c3c     0x4  Data  Lc  tasks.o [1]
xNumOfOverflows         0x20004c34     0x4  Data  Lc  tasks.o [1]
xPendingReadyList       0x20004b80    0x14  Data  Lc  tasks.o [1]
xPortStartScheduler     0x20000db1    0x2c  Code  Gb  port.o [1]
xQueueCreateCountingSemaphore
                        0x20001955    0x14  Code  Gb  queue.o [1]
xQueueGenericCreate     0x20001903    0x36  Code  Gb  queue.o [1]
xQueueGenericReset      0x20001881    0x82  Code  Gb  queue.o [1]
xQueueGiveFromISR       0x20001969    0x5c  Code  Gb  queue.o [1]
xQueueSemaphoreTake     0x200019c5    0xee  Code  Gb  queue.o [1]
xSchedulerRunning       0x20004c28     0x4  Data  Lc  tasks.o [1]
xStart                  0x20004bbc     0x8  Data  Lc  heap_4.o [1]
xStreamBufferGenericCreate
                        0x2000249f    0x32  Code  Gb  stream_buffer.o [1]
xStreamBufferSend       0x200024eb    0xbc  Code  Gb  stream_buffer.o [1]
xStreamBufferSpacesAvailable
                        0x200024d1    0x1a  Code  Gb  stream_buffer.o [1]
xSuspendedTaskList      0x20004ba8    0x14  Data  Lc  tasks.o [1]
xTaskCheckForTimeOut    0x20000621    0x58  Code  Gb  tasks.o [1]
xTaskCreate             0x200000ed    0x6e  Code  Gb  tasks.o [1]
xTaskGenericNotify      0x200008c1    0xb8  Code  Gb  tasks.o [1]
xTaskGetCurrentTaskHandle
                        0x2000077b     0x8  Code  Gb  tasks.o [1]
xTaskIncrementTick      0x20000411   0x106  Code  Gb  tasks.o [1]
xTaskNotifyStateClear   0x20000a11    0x2e  Code  Gb  tasks.o [1]
xTaskNotifyWait         0x2000081d    0x9a  Code  Gb  tasks.o [1]
xTaskRemoveFromEventList
                        0x20000587    0x6a  Code  Gb  tasks.o [1]
xTaskResumeAll          0x2000032f    0xe2  Code  Gb  tasks.o [1]
xTasksWaitingTermination
                        0x20004b94    0x14  Data  Lc  tasks.o [1]
xTickCount              0x20004c20     0x4  Data  Lc  tasks.o [1]
xYieldPending           0x20004c30     0x4  Data  Lc  tasks.o [1]


[1] = E:\cortex-m3\gnustm32\iarproj\Debug\Obj
[2] = command line
[3] = dl7M_tln.a
[4] = rt7M_tl.a
[5] = shb_l.a

  11 336 bytes of readonly  code memory
     116 bytes of readonly  data memory
   8 264 bytes of readwrite data memory

Errors: none
Warnings: none
